exports[`clear cache 1`] = `"{\"foo\":\"bar\"}"`;

exports[`clear cache 2`] = `"{}"`;

exports[`clear cache 3`] = `"{}"`;

exports[`process file and cache it 1`] = `"{\"foo\":\"bar\",\"hello\":\"world!\"}"`;

exports[`process file and cache it 2`] = `"{\"foo\":\"bar\",\"hello\":\"world!\"}"`;

exports[`process file with no cache dir set 1`] = `"{\"foo\":\"bar\"}"`;

exports[`process file with no cache dir set 2`] = `"{}"`;

exports[`process file with no cache dir set 3`] = `"{}"`;
